Building Windows application...                                 
flutter : 
C:\Users\koushik 
ahmed\AppData\New fold
er\DeepTutor\deeptutor
_app\windows\flutter\e
phemeral\.plugin_symli
nks\flutter_secure_sto
rage_windows\windows\f
lutter_secure_storage_
windows_plugin.cpp(6,1
0): error C1083: 
Cannot open include 
file: 'atlstr.h': No 
such file or 
directory 
[C:\Users\koushik 
ahmed\AppData\New fold
er\DeepTutor\deeptutor
_app\build\windows\x64
\plugins\flutter_secur
e_storage_windows\flut
ter_secure_storage_win
dows_plugin.vcxproj]
At line:1 char:1
+ flutter build 
windows > 
build_output.txt 2>&1
+ ~~~~~~~~~~~~~~~~~~~~
~~~~~~~~~~~~~~~~~~~~~~
~~~
    + CategoryInfo    
          : 
NotSpecified: (C    
:\Users\koushi...plug 
   
in.vcxproj]:String) [ 
   ], RemoteException
    + 
FullyQualifiedError   
 Id : 
NativeCommandErr    or
 
Building Windows application...                                    55.9s
Build process failed.
